demo-video: scene_00: 28.40s (cached)
demo-video: scene_01: 39.08s (cached)
demo-video: scene_02: 28.76s (cached)
demo-video: scene_03: 2.60s (cached)
demo-video: scene_04: 56.80s (cached)
demo-video: scene_05: 3.99s (cached)
demo-video: scene_06: 56.88s (cached)
demo-video: scene_07: 36.76s (cached)
demo-video: scene_08: 3.00s (cached)
demo-video: scene_09: 56.84s (cached)
demo-video: scene_10: 2.59s (cached)
demo-video: scene_11: 69.75s (cached)
demo-video: scene_12: 2.21s (cached)
demo-video: scene_13: 64.20s (cached)
demo-video: scene_14: 2.68s (cached)
demo-video: scene_15: 52.96s (cached)
demo-video: scene_16: 58.28s (cached)
demo-video: scene_17: 1.93s (cached)
demo-video: scene_18: 58.60s (cached)
demo-video: scene_19: 22.38s (cached)
demo-video: scene_20: 22.97s (cached)
demo-video: scene_21: 4.05s (cached)
demo-video: scene_22: 58.60s (cached)
demo-video: scene_23: 5.30s (narrated)
demo-video: scene_24: 37.70s (narrated)
demo-video: scene_25: 20.71s (narrated)
demo-video: scene_26: 30.94s (narrated)
demo-video: scene_27: 33.21s (narrated)
demo-video: built a2ui-android-deep-dive.mp4 — 864.4s, 23.6 MB, 28 scenes
demo-video: captions: a2ui-android-deep-dive.srt (+ .vtt)
demo-video: transcript: a2ui-android-deep-dive.transcript.md
demo-video: reused 23 cached scene(s); --no-cache forces a full rebuild
